-- File: t_d_bree.txt
--
-- Destroyed Bree

-- original town by someone else
-- screwing up by fearoffours (fearoffours@moppy.co.uk)
--
-- Created for ToME

map.define("bree.map")

-- Import default symbols
map.import("towns/symbols.map")

-- Dead/burnt tree
map.symbol{ symbol='D' feat=FEAT_DEAD_TREE info=3 }

-- Ash
map.symbol{ symbol='A' feat=FEAT_ASH info=3 }

-- Fire
map.symbol{ symbol='F' feat=FEAT_FIRE info=3 }

-- Permanent rubble
map.symbol{ symbol='R' feat=FEAT_PERM_RUBBLE info=3 }

---------------- Town Layout ----------------
map.map
{
[[                                                                                                           F                                                                                          ]],
[[ DDDDDDDDDDDDDDDDDDDDDDDDDDDDDDDDDDDDDDD  DDDDDDDDDDDDDDDDDDDDDDDDDDDDDDDDDDDDDDDDDDDDDDDDDDDDDDDDFDDDDDDDDDDDDDDD VVDDDDDDDDDDDDDD--DDDDDDDDFFDDDDDDDDDD   DDDDDDDDDDDDDDDDDDDDDDDDDDDDDDDDDDDDDDDDD ]],
[[      DDD    DDDDDDDDDDDDDDDDD DDDDDDDDDDDDDDDDDDDDDDDDDDDDDDDDDD DDDDDDDD   DDDDDDDDDDDDDDDDDDDDDDDDDDDDDDDDDD      VDDDDDDDDDDDDDD--DDDDDDDDDDDDDDDDD D DDDDDDDDDDDDDDDDDDDDDDDDDDDDDDDDDDDDDDDDDD  ]],
[[ DDDDDDDDDDDDDDDDD  D    D      DDDDDDDDDDDDDDDDDDDDDDDDDD   DD      D  D D DDDDDDDD  DDDDDDDDDDDDDDDDDDDDDDDDDDDDDDDDVVDDDDDDD     --DDDDDDDFFFFDDDDD  DDDDDDDDDDDDDD      DDD  DD DDDDDDDDDDDDDDDD  ]],
[[ DDDDDDD  D DDDDDDDDDDDDDDDDD DDDDDDDD    DD    D   AADD D   D   DDDD D  D D D    D D   DDAADDDDFDDDDDDDDDDDDDDDDDDDDDDDVVFFFDDDDD   --DDDDDAAADDDDDD FDDDDFDDDDFFFDDDDDDDDDDDDDDDDDDDD   DDDDDDDDDDD ]],
[[     DDDD     DDD    DD      DDDDDDDDDDDDDDDDD  D    DD DDDDDDDDD   D  D     DDDDDDDDDDDDDDDDDDDDDDDDDAAADDDDDDDDDDDD      VVDDDDDDD --DDDDDDDDDDDDDDDDDDDDDDAAA  DDDDDDDDDDDDDDAAADDDDDDDFDDDDDDD    ]],
[[ OOOODDDDDDD D D  DDDDDDDD D DDDDDDDDD D      DD     D     DDDDDDDDDDDDD    D  DDDDDDDDDDDDDDDAADDDDDDD     DDDDDDDDDDDDDDD VDDDDDDD  --DDDDDDDDD    DDDDDDDDDDDDDDDDDDDDDDDDDDFFFADDDDDDDDDDDD       ]],
[[    OOOODDDDDDD  DDDDDDDDDDDDDDDDDDDDDDD AA   DDDDDDDDD ADD     DDDDDDDDDDDDD  D DDDDDAAAAAADDDDDDDDDDDDAAADDDDDDDDDDDDDDD   VDDDDDDD --DDDDDDDDDDDD   DDDDDAADDDDDDDDDDDDDDDDDDDDDDDDDDDDDDDDFF      ]],
[[ ---   OOOOODDDDDDDDDDDDDDDDD    DDDDDDDD      D   DD     D   AAADDAADDDDDDDDD D  DDDDDDDDDDDDDDDDDDDDDDDDDDDDDDDDDDFFDDDD    VVV      ---DDDDDDDDDDDD  DDDDDDDDD      VVDDDDDADDDDDDDDDDDDDDDDD      ]],
[[ ------    OOOOOO     DD    D    D    DDDDDDDDDD  DDD     DDDDDDDDDDDAAAA F    D DDDDDDDDDDDDDDDDDDDDAAADDDDDDDDDDDDDDDDDDDDDDDD V      --DDDDDDDDDDDDD    DDDDAD     VVVVDDDDDDDDDFF DDDDDDDDDDD     ]],
[[ ----------     OO     DDD ADAAADDD  DDDDDDDDDDDDDDDDD     D D  DDDDAAADDDDDDDDDDDDD D ADDDDDDD  FDDDDDDDDDDDDDDFFFDDDDDDDDDDDDD V      --     DDDDDDDDDDD    DD     VVWWVVVDDDDDAAA DDDDDDDDDDDDDD   ]],
[[ --------------  OO   DDDDDDDDDDDDDDDDD    A  D     D D  DDDDDAAADDDDDDDDDDDDDD   DDD  D  DDDDDDDDDDDDDDDDDDDDDDAFFADDAADDDDDDDDDDVVV    --DDDDDDDDAAAADDDDDD  DDD VVVWWWWWVVVDDDDDDDDDDDDDDDDDDDDDDD ]],
[[ ------D--------  OOODDDDDDD    D  DDDDAAADDD    AAD DDDDDDDDDDDDDDDDDDDDDDDDDDDDDDDDDDD DDDDDDDDDDDDDDDDDDDD     FDDDDDDDDDDDDDDDD VVV   --DDDDDDDDDDDDDDDD      VVWWWWWWWWWVVDDDDDDDDDDDDDDDD       ]],
[[ -----------------  OO   A   DDDDDDDDDDDDDDDDD    AAA D DDDD   DD  DDDDDDDDDDDDDDDDDDDDD DDDDDD DDDDDDDDDDDDDDDDADDDDDDDDDDDDDDDDDD   VVVVVVVDDDDDDDDDDDDDDDD    VVWWWWWWWWWWWVDDDDDD  DDDDDDDD       ]],
[[ ------------------- OOOOO    DD    DDDDDDDDDD      DDDDDDDD      D  DDDDDDDDDDD DDD DDD DD  DDD DDDDD   DDDDDDDDDDDDDDDDDFDDDDDDDDDDDDDDDD--VVVV   VVVVVDDDDDDD VVWWWWWWWWWWWVVDDDDDDDDD  DDDDD      ]],
[[ ##------------------    OOA      D AA   DDD DDDDDDDDD   DDDDDDDDDDDDDDDDD   DDDD  DDD ,,,,,,,,,,,,,,,AA,DDDDDDDDDDDDDDDDDDDDDFFDDDDDDDDD   --  VVVVV   VV    VVVVVVVWWWWWWWVVVDDDDDDD     DDDDDDDD   ]],
[[ CC####------------------ OOODDDDDDD      DDD DDDDDDDDD  DD D  DDDD      DD    DDDD,,,,CCCCCCCCCCCCCCCCCC,,,,,,,A,DDDDDDDDDDDDDDDDDDDDDDD    --DDDDDDD   VVVVVV     VVVVWWVVVDDDDDDDDDDDDDDDDDDDDDDD  ]],
[[ TTCCCC###----D----------,, OO   DDDDDDDDDDDDDDDFDDDDDDDDDDDDDDDDDDDDDDD    DD ,,,CCCCCCTTTDDTTTDD TTDDTCCCCCCCCCC,,,,DDDDDDDFDDDDDFFDDDDDDDD --DDDDDDDDDDDDDDDDDDDDDDDVVVVDDDDDDFFFAAADDDDFDDDDDD    ]],
[[ --TTTTCCC###---------,,,--  OO      F DDD  D     DDDDDDDD     DD D  DDD  DDDD,CCCCTTTTTD---R----------TT T TDDDTCCCCC,,,,,DDDDDDDDDDDDDD A  ^--DDDDDDDDDDD       DDDDDDDDDDDDDDDDDDDDDDDDDDDDDD      ]],
[[ ------TTTCCC##-----,,------  ODDDDDDDDDDDDDDDD DDDDDDDDD   DDDDDDDD    DD ,,CCCTTDDD....RRR........D.----A-----TDDTTCCCCCC,,DDDDDDDDDDDDDD^^^ --DDDDDDDDDDDDDFFDD DDDDDDDDDD  DDDDDDDDDDDDDDDDDD     ]],
[[ ---------TTTCC##,,,--------  OO  D   DDAAAADDDDDD   DDDDDDDDDD    D  DD  ,CCC TD....--ssss-sss-D.--A.......A..--R--TTDDDTCCC,,,DDDDDDD   ^^    --DDDAAAD  DDDDDDDD DDDDDDDDDDDDDDD   DDDDD FDDDDDDD  ]],
[[ ------------TC,,###-    ---   OODDDDDDD     DDDD    A      FDDDDDDD DD D,CCTTT.DDAF---S.SFRSRS#-.------DD-R,,.....------TDDDCCC,,DDDDDDD^^     --DDDDDDDDDDDDDDD     DDDDDDDDDDDDDDDDDDDFDDDDDDDD    ]],
[[ -------------,TTCCC###    --   OOO DDD   DDD     DDDD D     D   DD DD ,,CCTD...F,,,,A-ssss.ss-...-ssFs--sssss,---...A..---TDDDCCT,A    ^^DDDDDDD--DDDDDDDDDDDD DDDDD     DDDDDDDDDDDDFFDDDDDDDDDDD   ]],
[[ ---------  ,,,--TTTCCC    --     OODDDDDDDDDDDADDDDDDDDDDDDDDDDDD D ,,CCCTT..-------,,#.,##,-#-.--sss.sRRRssss,--RAA--..R----TDCCTT,  ^^^DDDDDDD --DDDDDDDDDDDDFFFDDDDDD  DDDDDDDDDDDDDDDDDDDDDDDD   ]],
[[ --------  ,, ,,----TTTCCDDDDDDD   O   FDDDDDDDDD   DDDDDAADDDDD DDDDCCC  DF.A-sssSssRS,,,------.--S.SSSSFSSRR--,----DD.-....--FDCCTT,^^^DDDDDDD   --DDDDFAAADDDD   DDDDDD DDDDDDDDDDFDDDDDDDDDDDDDDD ]],
[[ ------   ,,   ,DDDDDDDDDDDDDDDD   OO     DDDDDDDDDD DADDDDDDDD DDD,CCTDT.F.---ssRsSSS---,,,--A-.--ss,sRsFsssFs--,-R-.FF-R--..--TDCCT^^^^ ^^DDDDDDD --FDDDDDDDDDDDDDD   DD  DD FDDDDDDDDDDDDDDDD      ]],
[[ ------- ,,   ,,DDDDDDDDAAADDDDD    OODDDDDDDDDDDDDADDDDDDDDDDD D ,CCTT...-----s,,-sss#-,,-,DD-R.--.ssssAsss,s#--,-...-------..-FFTC^^^   ^DDDDDDD  ----DDDDDDDDDDDDDDDDDDDD  DDDDDD   DDDDDDDD       ]],
[[ -------     ,,DDDDDDDDDDDDDDDD  F   OODDDDDDD  DDDDDDDDDD     DDD,CTT..-DD,A,,####R###R,-R-,,--.--#####F.#R#A----..-DD---A---R.--D^^^^   ^DDDDDDD---  --DDDDDDDDDDDDDDDDDD         DDDDDD  DDDD      ]],
[[ -F-------DDDDDDD    DDDDDADDDDDDDDDDDOOO    D  DDDDDDDD   DDD D  ,CT..,,,,----,,,,,#,,------,A-R--#.-#.##.##R-...R,---.sss----.--T^^   ^DDDDDDD  --    --DDDDDDD   ADDDDDDDDDDDDDDDDDDDDDDDFFFDDDDDD ]],
[[ ----------DDDDDDDDDDDDDDDDDDDDDDD      OO      DDDDDDDD      DDD,CCT.,ssRsss#----,R---DD---#-,FF-----.----#....-,--,,sStSSS--R.-D^^^   ^DDDDDDD --      -----DDDDDDDDDDDDDDDDDDDDDDDDDDDDDDDDDDDDDDD ]],
[[ -------------DDDDDDD      ADDDDDDD  F   OODDDDDDDDDDDDDDDD   D ,CCTT.-StS,RS----,-----RsRsA,--..-FA-----....--,,,R,,-.s.sss#--.-D^^^      ^      --DDDDDDD  --DDDDDDD      ,,DDDDDDDDDD   DDDD       ]],
[[ ----------FDDDDDDDDDDDDDDDDDDDDDDDDDDDDDDOOOOO      DD      D  ,CTT-.--sFs,ss#-R,-----SRSSSS--.------R-..FF,,,-sssss-,##FF#---.-T^^    ^DDDDDDD  --DDDDFFD   -----DDDDDDD ,,DDDDDDDDDDDDDDDDDDDDDDD  ]],
[[ --------DDDDDDDDDDDDDDDDDDDDDDDDDDDDDDDD     OO    D DD D   DD,CCT-..-#####,#---AA---RsssRs,-...R...A.R--RXXX,-Rss---,------..F-^^^  ^ ^^  ^    ---DDDDDDD      D---D   ,,,  ADDDDDDDDDDDDDDDD       ]],
[[ - ----DDDDDDD      FDAADDDDDDDDDDDDD FDDDDDDD OOOOOOOOR DD RD ,C  OOOO--OOOOO----,----######-.---.,----,-UUUUs-SSSR--,--A--..---^^   ^   ^ A   ---DDDDDAADDDDDDDDD -----,DDDDDDD      OOOOOOOOOOOOOO ]],
[[ -  ----DDDDDDDDDDDDDDDDDDDDDDDDDDDDDDDDDDDDDDDDDDDDDDOOOOOOOFF,CT-OssOOOO---OOOOOOOOO--OOOO--.-D-.-sRs--,XXXX,-Fsss-R-,---RR-FD^^DDDDDDDDDDDDDD--DDDDDDDAAADDDDDD      --DDDDDDD    OOADDDDDDD       ]],
[[ -  -----DDDDDDDDDDDDAADD     FDDDDD  DDDDDDDDDDDDDDDD      OOOOOOOOSt.---------XXXR-OOOO--OOOO---.SStS--,####,--sRs-F-,DD-.--F^^     ^  ^      --DDDDDDDDDDAAADDDDDDDDDD---      OOOO ADDDDDDD       ]],
[[ -     ---   -----DDDDDDAAADDDDDDDDDDDDDDDDDDDDDDDDDDDDDD    ,,CT--.ss.-RsAsR---RXXs,---------OOOO.-sRs---,,,,,-###.--,---..-T^^   ^ ^DDDDDDD   --DDDDDDDADDDDDDDDDDDDDDDD ---   OOADDDDDDDDDDDDDDDD  ]],
[[     ---D     ----DDDDDDDDDDDDDDDDDDDDDDD      F    FDDDDDDD ,,CT--.s#.-SSt,S-AA##A#,---A-R------OO-#R#-ss,,ss-,,,---,---D.--DA^   ^DDDDDDD    -,-DDDDDDDDDDDDDDDDDDDDDDD    OOOOODDDDAAADDDDDDDDD    ]],
[[   -------      ----     ADDDDDDDDDDDDDDDDDDD  DDDDDDDDDDD   ,,CTT-..RR-FsssR--,,,,,,---------DDA-OO-,--SSSRSt-ss-,-RR--...-T^^  ^ ^DDDDDDD    -,DDDDDDD   FDDDDDDDDDDDDDDOOOODDDDDDDDDDDDAD  DDDDDDD ]],
[[     -------   ------DDDDDDDDD   DD DDDDDDDDDDD   DDDDDDDDDD ,,CCTD---.R#,#R,-,sss,,S-S,SSSSS--R---OO,--s-ss----S--,.....---^^ ^^     ^^^     -,DDDDDDDDDDDDDDDD   OOOOOOOODDDDDDDDDDDDD DDDDDDDDD    ]],
[[    -----DDDDDDD -----DDDDDDDDDDDDDDDD  FDDDDDDDDDDDDDDDD     ,,CCT----..,,,,,-StRSS,-s,s,sRss--FF--OOO-#,##-R-ss....-FF--T^^DDDDDDD ^^      -,-DDDDDDDDDDDDDD OOOOODDDDDDDDDDDDDDDDDDD  DDDDDDDDDDD  ]],
[[       ----  --------DDDDDDDDDDDDDDDDDDDDDDAADDDDDDDD   A     ,,CCTD--DD   R--RRsssR,-##,##,#F--------OO,.,,.,-##.----DDDT^^     ^  ^^DDDDDDD-,DDDDDDD     OOOOODDDDDDD    DDDDD    ADDDDDDDDDFFFDDDD ]],
[[      ---------------DDDDDDDDDDDDDDDDDDDDDDDDDDDDDDDD  D      ,,,CCTTTT--..---,##,###,--,,,--AA-----...OOOOOOOOOOOTTDDDCC^^^   ^^  ^^DDDDDDD ,-DDDDDDD   OOODDDDDDDDDDDDDDDDDDDDDDDAADDDDDDDDDDDDDD   ]],
[[ DDDDDDD --------DDDDDDDD    DDDDDDDDDDDDDDAADDDDDDDDDDDDDDDDDDA,,CCCC  --.DD.....AA,-,FF--,--FF..A..--A----TDDTTOCCCCC,,^^^^^^^^^F^DDDDDDD -.-      OOOOODDDDDD  DDDDDDDDDDDDDDDDAAADDDDDDDDDDDD     ]],
[[       ----------DDDDDDDDDDDDDD F     ADDDDDAAADDDDDDDDDDDDDDD ,, ,,CCCTT-------D--.....R....A.-------TTTDDTTCCCCO,,,,,     ^^^^^^^DDDDDDD  -.-      ODDDDDDDDDDDDDDDDDDAADD    DDDDDDDDDDDDDDDDDDDD  ]],
[[ DDDDDDD -----D-DDDDDDDDDDDDDDDDDDDDDDDDDDDAADDDDDDDDDDDDDDDDD ,,   ,,CCTTT TTDTTDD-D--...------DTTTDDDCCCCCC,,,,OOOADDDDDDDDDDDDDDDD      -.-    OOOODDDDDDDDDDDDD  DDAAADDDDDDDDD    DDDDDD  D      ]],
[[ DDDDDDD   ----DDDDDDDDDDDDDDDDAADDDDDDDDDDDDDAAA    FDDDDDDD  ,,,    ,CCCCCCCCCCTTDDT--FF-TTTTDTCCCCCC,,,,,,      OOODDDDDDDDDDDDDDDD    OOOOOOOOODDDDDDDD  DDDDDDDDDDDDDDDDAADDDDDDDDDDDDDDDDDDDD   ]],
[[       ^^   ----DDDDDDDDDDDDDDDDDDDDDDDDDDDADDDDDDDDDDDDDDDDDDD ,,     ,A,,,,,,,,CCCCCTTTDDTCCCCC,,,,,,DDDDDDDDDDDDDDOODDDDDDD DDDDDDDDDOOO--DDDDDDDDDDDDDDDDDDDDDDDDDDDDADDDDDD DDDDD   DAADDDDDDDD  ]],
[[     ^^^^^DDDDDDDDDDDDDDDD  DDDDDDDDDDDD DDDDDDDDDDDDDDDDD      ,,,DDDDDDDDDDDDDD,,,,,CCCCCC,,,,,   ADDDDDDD     D    OOOODDDDDDD      OOO--DDDDDDDAAADDDDDDDDDD       DDDAADDDD   DDDDDDDDDDDD       ]],
[[   ^^^^^^^^^DDDDDDDDDDAAAADDDDDDDDDDDAD DDDAAADDDDDDDDDDDDDD     ,,DDDDDDDDDDDDDDDD   ,,,,,,DDDDDDDDDDDDDDDDDDDDDDD      OOOOOOO     OOO---DDDDDDDDDDDDDDDD     ADDDDDDDDDDDDDD     DDDDDDDDDDDDD     ]],
[[   ^^^^^^^^^DDDDDDDDDDDDDDDDDDDDDDDDDDDDDDDDDDDDDDDDDDDDDDDD     ,,DDDDDDD      DDDDDDDDDDDDDDDDDDDDDDDDDDDDDDDDDDDDDDDDDDDDDDDOOOOOOO----DDDDDFFF     DDDDDDDDDDDDDDD DDDDDDDDDDDDDDDDDDDDDDDDDD     ]],
[[  ^^^^^^^^^^^^^^^DDDDDDDDD   DDDDDDDDDDDDDDDDDDDD AA  FDDDDDDD   ,,,DDDDDDDDDDDDDDDDDDDDDDDDDDDDDDD   FDDDDDDDDDDDDDDDDDDDDDDD  ..------DDDDDDDDDDDDDDDDDDDDDDDDDDDD  DDD  DDDDDDDDDAAADDDDDDDD       ]],
[[    ^^^^^^^^^^^^^^DDDDDDDDDDDDDDDD     DDDDDDDDDDD DDDDDDDDDDD    ,,,FDDDDDDDDDDDDDDDD  AA......DDDDDDDDDDDDDDDDDDDDDDD      ....-----DDDDDDDDDDDDDDDDDDDDDDDDDDDDDDDDDDDDDDDDDDDDDDDDDDDDAAFFDDDDDD  ]],
[[    ^^^^^^^^^^^^^^^DDDDDDDDDDDDDDDDDDD   DDDDDDDDDDDD  DDDDDDDDDDDD,,,DDDDDDD   ...........    ............DDDDDDD....F.......-------,,,,DDDDDDDDDDDDDDDDDDDDDDDDDDDDDDDDDDDDDDDDDDD  DDDDDAADDD      ]],
[[ ^^^^^^^^^^^^^^^^^DDDDDDDDDDDDDDDDDDDDDDDDDDDDDDDDDDDDDDDDDDDDDDDD  ,,DDDDDDD .AADDDDDDDDDDDDDDDDDDDDDDD  .........--------AA----DDDDDDD,,,,,,,    ,,,,,,,,,DDDDDDDDDDDDDDDDDDDDDDDDDDDDDDDDDDFFDDD   ]],
[[     ^^^^^^^^^^^^^DDDDDDDDDDDDDDDDDDDDD  DDDDDDDD  DDDDDDDDDDDDDDD ,,      A  .DDDDDDDDDDDDDDDDDDDDDDDDDDDDDDDDDDDDDDDDDDDDDDDAAFFDDDDDDDDDDD ,,,,,,DDDDDDD,,,,,,,,,DDDDDDDDDDDDDDDDDDDDDDDDDDDDDDDD  ]],
[[   ^^^^^^^^^^^^^^DDDDDDDDDDDDD   DDDDD  DD  DDDDDDDDDDDDDDDDDDDDD   ,,    AA...      ADDDDDDDDDDDDDDFDAAADDDDDDDDD    DDDDDDDDD    DDD  DDDDDDDDDDDDDDDDDDDDDDDDDDD,,,,,DDDDDDD ------    ---DDDDDDD  ]],
[[     ^^^^^^A^^^^^^^^DDDDDDD  DDDDDDDDDDDDDDDDDDDD   DDDDDDDDDDDDDDDDD,,     .DDDDDDDDDDDDDDDDDDDDDDDDDDDDDDDDDDDDDDDDDDDDDDAADDDDDDDDDDDDDDDDDDDDDDDDDDDDDDDDDDDDDDD   ,,,,,,,,-------   -----DDDDDDD ]],
[[     ^^^^^^^^^^^^^^DDDDDDDDDDDDDDDDDDDDDDDDDAAADDDDDDDDDDDDDDDDDDDDD  ,    ..ADDDDDDDDDDDDDDFFDDDDDDDDDDDDDDDDDDDDDDDDDDAADADDDDDADDDDD  DDDD    DDDDDDDDDDDDDDDDDDDDDDDD    A----------------       ]],
[[  ^^^^^^^^^^^^^^^^DDDDDDDDDDDDDDDDDDDDDDDDDDDDDDDDD DDDDDDDDDDDDDD    ,,  ..DDDDDDDDDDDDDDDDDDAADDDDDDDDDDDDDDDDDDDDDDDDDDDDDDD    DDDAADDDDDDDDDDDDDDDDDDDDDDDDDDDDDDDDDDDD---------D--------DDDDDDD ]],
[[    ^^^^^^^^^^^^^^^DDDDDDDDDDDDDDDDDDDDDDD  DDDDAAAD  DDDDDDDDDDDDD    , ..DDDDDDDDDDDDDDDDDDDDDDDDDDDDDDDDDDDDDDDD    DDDDDDDADDDDDDDDDDDDFFFFDDDDDDDDDDDDDDDDDDDDDDDDD    -----------------DDDDDDD  ]],
[[  ^^^^^^^^^^^^^^^^DDDDDDDDDDDDDDDDDDAAAD  DDDDDDDDDDDDDDDDDDDDDDDD     ,,.DDDDDDDDDDDDDDDDDDD   FFFDDDDDD  DDDDAADDDDDDDDDDAAFFDDDDDDDDDDDDAAADDDDDDDDDDDDD  DDDDDDDDDDDDD  ---    ----   ----DDDDDDD ]],
[[   ^^^^^^^^^^^^^DDDDDDDDDDDDDDDDDDDDDDDD     DDDDDDDDDDDDDDDDDDDDDDDDDD ,.DDDDDDDDDDDDFFDDDDDDDDDDDDDDDDDDDDDDDDDDDDDDDDDDDDDDDDDDDDDDDDDDDD    DDDFFFDDDDDDDDDDDDDDDDDDDD   -      --     --DDDFFDD  ]],
[[   ^^^^^^^^^^^^^^DDDDDDDDDDDDDDDDDDDDDDDDDDDDDDDDDDDDDDDDDDDDDD   DDDDDD .DDDDDDDDDDDDDDDDDDDDDDDDDDDDDDDDDDDAADDFFDDDDDDDDDDDDDDDDDDDDDDDDDDDDDDDDDDDDDDDDDDDAAADDDDDDDDDDDDDDDDDDDDDDDDDDAAADDD     ]],
[[     ^^^^^^^^^^^^^^   ADDDDDDDDDDDDDDDDDDDDDDDDDDDDDDDDDDDDDDDDDDDDDDDD  .DDDDDDDDDDDDDDDDDDDDDDDDDDDDDDDDDDDDDDDDDDDDDDDDDDDDDDDDDDDDDDDDDDDDDDDDDDDDDDDDDAAAAADDDDDDDDDDDDDDDDDDDDDDDDDDDDDDDDD     ]],
[[                                                                                                                                                                                                      ]],
}

---------------- Starting position ----------------
if leaving_quest == 0 then map.set_player(33, 131) end
