map.define("imladris.map")

-- Import default symbols
map.import("towns/symbols.map")


---------------- Town Layout ----------------
map.map
{
[[                                                                                                                                                                                                      ]],
[[                                                                                                                                                                                                      ]],
[[                                                                                                                                                                                                      ]],
[[                                                                                                                                                                                                      ]],
[[                                                                                                                                                                                                      ]],
[[                                                                                                                                                                                                      ]],
[[                                                                                                                                                                                                      ]],
[[                                                                                                                                                                                                      ]],
[[                                                                                                                                                                                                      ]],
[[                                                                                                                                                                                                      ]],
[[                                                                                                                                                                                                      ]],
[[                                                                                                                                                                                                      ]],
[[                                                                                                                                                                                                      ]],
[[                                                                                                                                                                                                      ]],
[[                                                                                                                                                                                                      ]],
[[                                                                                                                                                                                                      ]],
[[                                                                                                                                                                                                      ]],
[[                                                                                                                                                                                                      ]],
[[                                                                                                                                                                                                      ]],
[[                                                                                                                                                                                                      ]],
[[                                                                                                                                                                                                      ]],
[[                                                                                                                                                                                                      ]],
[[                                                                                                                                                                                                      ]],
[[                                                                                                                                                                                                      ]],
[[                                                                                                                                                                                                      ]],
[[                                                                                                                                                                                                      ]],
[[                                                                                                                                                                                                      ]],
[[                                                                                                                                                                                                      ]],
[[                                                                                                                                                                                                      ]],
[[                                                                                                                                                                                                      ]],
[[                                                                                                                                                                                                      ]],
[[                                                                                                                                                                                                      ]],
[[                                                                                                                                                                                                      ]],
[[                                                                                                                                                                                                      ]],
[[                                                                                                                                                                                                      ]],
[[                                                                                                                                                                                                      ]],
[[                                                                                                                                                                                                      ]],
[[                                                                                                                                                                                                      ]],
[[                                                                                                                                                                                                      ]],
[[                                                                                                                                                                                                      ]],
[[                                                                                                                                                                                                      ]],
[[                                                                                                                                                                                                      ]],
[[      ---------------                                         ,,,CCTTTT--..---,##3##-,--,,,---------...OOOOOOOOOOOTTTTTCC^^^   ^^  ^^        ,-          OOO                                          ]],
[[         --------                                              ,,,CCCC  --..........,-,,---,--.......-------TTTTTOCCCCC,,^^^^^^^^^^^        -.-      OOOOO                                            ]],
[[       ----------                                              ,, ,,CCCTT----------.....-......-------TTTTTTTCCCCO,,,,,     ^^^^^^^         -.-      O                                                ]],
[[         -------                                               ,,   ,,CCTTTTTTTTTT-----...------TTTTTTTCCCCCC,,,,OOO                       -.-    OOOO                                                ]],
[[           ----                                                ,,,    ,CCCCCCCCCCTTTTT-----TTTTTTCCCCCC,,,,,,      OOO                    OOOOOOOOO                                                   ]],
[[       ^^   ----                                                ,,     ,,,,,,,,,,CCCCCTTTTTTCCCCC,,,,,,              OO                 OOO--                                                         ]],
[[     ^^^^^                                                      ,,,              ,,,,,CCCCCC,,,,,                     OOOO             OOO--                                                          ]],
[[   ^^^^^^^^^                                                     ,,                   ,,,,,,                             OOOOOOO     OOO---                                                           ]],
[[   ^^^^^^^^^                                                     ,,                                                            OOOOOOO----                                                            ]],
[[  ^^^^^^^^^^^^^^^                                                ,,,                                                            ..------                                                              ]],
[[    ^^^^^^^^^^^^^^                                                ,,,                     ......                             ....-----                                                                ]],
[[    ^^^^^^^^^^^^^^^                                                ,,,          ...........    ............       ............-------,,,,                                                             ]],
[[ ^^^^^^^^^^^^^^^^^                                                  ,,        ...                         .........--------------       ,,,,,,,    ,,,,,,,,,                                          ]],
[[     ^^^^^^^^^^^^^                                                 ,,         .                                                               ,,,,,,       ,,,,,,,,,                                  ]],
[[   ^^^^^^^^^^^^^^                                                   ,,      ...                                                                                    ,,,,,        ------    ---         ]],
[[     ^^^^^^^^^^^^^^^                                                 ,,     .                                                                                          ,,,,,,,,-------   -----        ]],
[[     ^^^^^^^^^^^^^^                                                   ,    ..                                                                                                  ----------------       ]],
[[  ^^^^^^^^^^^^^^^^                                                    ,,  ..                                                                                                ------------------        ]],
[[    ^^^^^^^^^^^^^^^                                                    , ..                                                                                                 -----------------         ]],
[[  ^^^^^^^^^^^^^^^^                                                     ,,.                                                                                                  ---    ----   ----        ]],
[[   ^^^^^^^^^^^^^                                                        ,.                                                                                                   -      --     --         ]],
[[   ^^^^^^^^^^^^^^                                                        .                                                                                                                            ]],
[[     ^^^^^^^^^^^^^^                                                      .                                                                                                                            ]],
[[                                                                                                                                                                                                      ]],
}

---------------- Starting position ----------------
if leaving_quest == 0 then map.set_player(33, 131) end
