-- Hobbiton
-- Map created by Reenen for ToME 3.0

map.define("hobbiton.map")

map.symbol{ symbol='-' feat=FEAT_GRASS info=3 }
map.symbol{ symbol='b' feat=FEAT_SMALL_TREES info=3 }
map.symbol{ symbol='T' feat=FEAT_TREES info=3 }
map.symbol{ symbol='W' feat=FEAT_DEEP_WATER info=3 }
map.symbol{ symbol='V' feat=FEAT_SHAL_WATER info=3 }
map.symbol{ symbol='O' feat=FEAT_COBBLESTONE_ROAD info=3 }
map.symbol{ symbol=',' feat=FEAT_DIRT info=3 }
map.symbol{ symbol='H' feat=FEAT_HILL info=3 }
map.symbol{ symbol='^' feat=FEAT_MOUNTAIN info=3 }
map.symbol{ symbol='#' feat=FEAT_PERM_SOLID info=3 }

map.map
{
[[-------------------------------------------------------------------------------------------------------,----------------------------------------------------------------------------------------------]],
[[------------------------------------------------------------------------------H------------------------,----------------------------------------------------------------------------------------------]],
[[-----------------------------------------------------------------------------HH,,,,--HH------------b---,----------------------------------------------------------------------------------------------]],
[[-----------------------------------------------------------------------------HH---,,--HH------b---bTb--,----------------------------------------------------------------------------------------------]],
[[-----------------------------------------------------------------------------HHHH--,,-HHHHH-----b--b---,----------------------------------------------------------------------------------------------]],
[[--------------------------------------------------------------------------------HH--,--HHHHHH---------,,----------------------------------------------------------------------------------------------]],
[[---------------------------------------------------------------------b------b---HHH-,,-----------,,,,,,-----------------------------------------------------------------------------------------------]],
[[--------------------------------------------------------------------bTb--------HHHH--,,,--,,,,,-,,----------------------------------------------------------------------------------------------------]],
[[---------------------------------------------------------------------b---------HHHHH---,,,,---,,,-----------------------------------------------------------------------------------------------------]],
[[-------------------------------------------------------------------------------HHH----------H---,,----------------------------------------------------------------------------------------------------]],
[[--------------------------------------------------------------------------------H-----------HHH--,,,--------------------------------------------------------------------------------------------------]],
[[------------------------------------------------------------------------------bb-------------HHH---,,,,--------------------------------------------------------------b--------------------------------]],
[[--------------------------------------------------------------------------------------V-------HHHH----,,,,------------------------b-------------------------------------------------------------------]],
[[-------------------------------------------------------------------------------------VVV-------HHHHH,,---,,,,,-------------------bTb------------------------------------------------------------------]],
[[-------------------------------------------------------------------------------------VVVV--------HHHHHH------,,-------------------b-------------------------------------------------------------------]],
[[-----------------------------------------------------------b-------------------------VV-----------HHHHHHH,,,--,,--------------------------------------------------------------------------------------]],
[[----------------------------------------------------------bTb-----------------------V------------HHH^^^HHHHH,,-,,----------------HHHH-----------------------------------------------------------------]],
[[-----------------------------------------------------------b----------------------------------HHHHH^^^^^HHHHHH--,,--------------HHHH------------------------------------------------------------------]],
[[-------------------------------------------------------------------------------------------HHHHHH^^^^^^^^HHHHH---,---------------HHH------------------------------------------------------------------]],
[[-----------------------------------------------------------------------------------b----------HHHHH^^^^^HHHHHHH--,----------------HH------------------------------------------------------------------]],
[[----------------------------------------------------------------------------------bTb-----------HHHHH^^HHH,,,,,-,,-------b----------------------------------------------------------------------------]],
[[-----------------------------------------------------------------------------------b---------------HH^HHH,H----,,--------------------,----------------------------------------------------------------]],
[[------------------------------------bb--------------------------------------------------------------HHHH,H--,,,,----------b-----,,,-------------------------------------------------------------------]],
[[--------------------------b--------bTTb--------------------------------------------------------------H,,H--,,-----,---------,,,,b---------------------------------------------------------------------]],
[[--------b----------------bTb--------bb---------b-----------------------------------------------------HHH--,,---------,,--,------------------------------------------------------------------------b---]],
[[-------bTb-------b--------b-WWWWWWWWWWWWWWWWWWbTb--------------b------------------------------------,----,,----------------------------b---------------------------------------------------------bTb--]],
[[WWWWWWWWWWWW----bTbWWWWWWWWWW-b-----------b--WWWWWWWWWWWW-----bTb----WWWWW--------------------------,,,,,,-------------------------------------------------------------------------------bb-------b---]],
[[--b-----bTbWWWWWWWWWbTb------bTb---------bTb---------b-WWWWWWW-b----WW-b-WW------------------------,,-----------------------------------------------------------------------------------bTTb----------]],
[[-bTb-----b-----------b--------b-----------b---------bTb------WWWWWWWW-bTb-W-----------------------,,-------------------------------------------------------------------------------------bb--WWWWWWWWW]],
[[--b--------------------------------------------------b-----------------b--W----b-----------------,,----------------------------------------------------------------------------------------WWW--------]],
[[--------------------------------------------------------------------------WW--bTb-----------##---,###----------------------b----------------------------------b--------------------------bWW----OOOOOO]],
[[,,,,,,,,,,,,,,,,,,,,,,,,,,,,,,,,-------------------------------------------WW--b------b-----##--,,###-----------------------------------------------------------------------------------bTW-b--OO-----]],
[[---------------------------b---,,,,,,,,,,,,,,,,,,,,,------------------------WWWW-----bTb----##--,-b------------------------------------------b------------------------b----------------bbTWbTbOO------]],
[[--------------------------bTb--------------b-------,,,,,---b-------------------WWWWWWWWWWW-----,,bTb------b---------------------------------------------------------------------------bTbbW-b-O-------]],
[[--------b------------------b--------------bTb----------,,,bTb--------------------bTb-----WWWWWW,--b------bTb--------b------------------------------------------------------------------b--WW--O-------]],
[[-------bTb---------------------------------b-------------,,b----------------------b-----------,,WWWWWWWWWWWWWWWWWWWbTb------b------------------------------------------------------------bTW-OO-------]],
[[--------b-----------------------------------------------b-,,,,,,,,,----------------------####-,---####----------b-WWWWW----bTb-------------------------------------------------b----------bWWO--------]],
[[-------------------------------------------------------bTb--------,,,,,,,,---------------####-,---####---------bTb----WWWWW-b--------b----------------------------------------bTb---------bTWO--------]],
[[--------------------------------------------------------b----------------,,,,,,,,,,,,,,,,,,,,,,,,,####----------b---------WWWWW-----bTb----------------------------------------b-----------bWO--------]],
[[-------------------------------------------------------------------------------------------------,,,,,,,,,,,,,,,,,----------b-WWWWWWWb-----------------------------b--------------------b---WOO-------]],
[[-----------------------------------------------------------------------------------###-----####----------------b-,,,,,,,,,-bTb---O--WWWW--------------------------bTb------------------bTb--W-O-------]],
[[-----------------------------------------------------------------------------------###-----####---#####-------bTb--------,,-b---,,,----WWWW-----b--------b--------bTb----------------b--b---W-O-------]],
[[-----------------------------------------------------------------------------------###-----####---#####--------b----------,,,,,b,,O,,-----WWWWVbTb------bTb--------b----------------bTb----bW-O-------]],
[[-----------------------------------------------------------------b----------------------b---------#####-----------------------bTb,,,,,,,,--VVWWVb-VVV----b------------------bb-------b-b--bTW-O-------]],
[[----------------------------------------------------------------bTb--------------------bTb-----------------------------------,-bO,,----,,,,--VWWVVWWWV-----b-----WWWW------bTTb---WWWWWTbbTbW-O-------]],
[[-----------------------------------------------------------------b----------------------b------------------------------------,-,,,--bb--,,,,-VWWWWWWWWV---bTbWWWWWbbWWWWWW--bb--WWWTTbWWWWTWW-O-------]],
[[-----------------------------------------------------------------------------------------------------------------------------,,,,,-bTTb-,-,,--VWWWWWWWWWWWWWWWb--bTTb-bTbWWWWWWWW-bTTb---WWW--O-------]],
[[-------------------------------------------------------------------------------------------------------------------------###-,,,,,-bTTb-,,,,,,-VWWWWWWV---OOObTb--bb---b-----------bb---bTb--OO-------]],
[[-------------------------------------------------------------------------------------------------------------------------###--,,,,--bb--,,b,,,O-VVVVVV-OOOOTOOb--------------------------b--OO--------]],
[[-------------------------------------------------------------------------------------------------------------------------###---,,,,----,,bTb,,,,O,OOOOOO---b-OOO---------------------------OO---------]],
[[-------------------------------------------------------------------------------------------------------------------------###---,bb,,,,b,,bTb,,,ObTb------------OOOO---------------OOOOOOOOOO----------]],
[[--------------------------------------------------------------------------------------------------------------------------,,,,,bTTb,,bTb,,b,,O,--b----------------OOOOOO--------OOO-b-----------------]],
[[-----------------------------------------------------------------------------------------------------------------------#####---,bb,,-bTb,-,,,,--------b----------------OOOOOOOOOO--bTb----------------]],
[[---------------------------------------------------------------------------------------------------b-------------------#####----,,,,,,b,,,,,---####--bTb----------------------------b-----------------]],
[[--------------------------------------------------------------------------------------------------bTb----------------b-------,,,,,,,,,,,,---,--####---b-----------------------------------------------]],
[[-------------------------------------------------------------------------b-------------------------b----------------bTb---####-,,,---,------,--####-###-----------------------------------------------]],
[[------------------------------------------------------------------------bTb------------------------------------------b----####--,---#####----,,-----###-----------------------------------------------]],
[[-------------------------------------------------------------------------b-------------------------------------HHH--------------,---#####--b---,,,,,,-------------------------------------------------]],
[[------------------------------------------------------------------------------------------------------------HHHHHHH------------,,---#####-bTb--------,,,,--HH-----------------------------------------]],
[[-----------------------------------------------------------------------------------------------------------HHHH^^^HH---------,,,-b---------b-------------HHHHH----------------------------------------]],
[[----------------------------------------------------------------------------------------------------------HHHH^^^HHHH--------,--bTb---------------------HH^^^HH---------------------------------------]],
[[------------------------------------------------------------------------------------------------------------HHHHHHHH-------,,,---b----------------------HHH^HHHH--------------------------------------]],
[[----------------------------------------------------------------------------------------------------------------HHH-------,,-----------------------------HHHHHHHH-------------------------------------]],
[[-----------------------------------------------------------------------------------------------------------,,,,,--,,,,,,,,----------------------------------HH----------------------------------------]],
[[-------------------------------------------------------------------------------------------------------,,,,,------------------------------------------------------------------------------------------]],
[[-------------------------------------------------------------------------------------------------------,----------------------------------------------------------------------------------------------]],
}

